== Esperando a que oralab-26ai este healthy (max. 5 min) ==
  intento 1: healthy
== Estado final ==
oralab-26ai  Up 4 minutes (healthy)
== Registro de arranque (docker logs) ==
Starting Oracle Net Listener.
Oracle Net Listener started.
Starting Oracle AI Database instance FREE.
Oracle AI Database instance FREE started.

The Oracle base remains unchanged with value /opt/oracle

SQL*Plus: Release 23.26.3.0.0 - Production on Fri Sep 25 17:35:00 2026
Version 23.26.3.0.0

Copyright (c) 1982, 2026, Oracle.  All rights reserved.


Connected to:
Oracle AI Database 26ai Free Release 23.26.3.0.0 - Develop, Learn, and Run for Free
Version 23.26.3.0.0

SQL> 
User altered.

SQL> 
User altered.

SQL> 
Session altered.

SQL> 
User altered.

SQL> Disconnected from Oracle AI Database 26ai Free Release 23.26.3.0.0 - Develop, Learn, and Run for Free
Version 23.26.3.0.0
#########################
DATABASE IS READY TO USE!
#########################
The following output is now a tail of the alert.log:
PDB$SEED(2):Autotune of undo retention is turned on. 
2026-09-25T17:34:49.395987+00:00
PDB$SEED(2):Opening pdb with Resource Manager plan: DEFAULT_PLAN
FREEPDB1(3):Autotune of undo retention is turned on. 
2026-09-25T17:34:59.512941+00:00
FREEPDB1(3):Opening pdb with Resource Manager plan: DEFAULT_PLAN
Completed: Pluggable database FREEPDB1 opened read write 
Completed: ALTER DATABASE OPEN
2026-09-25T17:35:06.880646+00:00
FREEPDB1(3):TABLE AUDSYS.AUD$UNIFIED: ADDED INTERVAL PARTITION SYS_P496 (4470) VALUES LESS THAN (TIMESTAMP' 2026-09-26 00:00:00')
2026-09-25T17:35:08.829126+00:00
===========================================================
Dumping current patch information
===========================================================
No patches have been applied
===========================================================
2026-09-25T17:35:11.289099+00:00
--ATTENTION--
Time drifted forward by (1542787) micro seconds at 4788526866 whereas allowed drift is 1000000
2026-09-25T17:35:11.515848+00:00
FREEPDB1(3):Resize operation completed for file# 13, fname /opt/oracle/oradata/FREE/FREEPDB1/sysaux01.dbf, old size 409600K, new size 419840K
2026-09-25T17:35:16.651584+00:00
TABLE SYS.WRP$_REPORTS: ADDED AUTOLIST FRAGMENT SYS_P656 (3) VALUES (( 1509902213, TO_DATE(' 2026-09-21 00:00:00', 'syyyy-mm-dd hh24:mi:ss', 'nls_calendar=gregorian') ))
TABLE SYS.WRP$_REPORTS_DETAILS: ADDED AUTOLIST FRAGMENT SYS_P657 (3) VALUES (( 1509902213, TO_DATE(' 2026-09-21 00:00:00', 'syyyy-mm-dd hh24:mi:ss', 'nls_calendar=gregorian') ))
TABLE SYS.WRP$_REPORTS_TIME_BANDS: ADDED AUTOLIST FRAGMENT SYS_P660 (3) VALUES (( 1509902213, TO_DATE(' 2026-09-21 00:00:00', 'syyyy-mm-dd hh24:mi:ss', 'nls_calendar=gregorian') ))
2026-09-25T17:35:40.382365+00:00
--ATTENTION--
Time drifted backward by (1000000) micro seconds at 1790357741 whereas allowed drift is 5000000
2026-09-25T17:35:42.418128+00:00
--ATTENTION--
Time stall, backward drift ended at 1790357742 with drift 1000000
2026-09-25T17:36:08.903453+00:00
--ATTENTION--
Time drifted backward by (1000000) micro seconds at 1790357769 whereas allowed drift is 5000000
2026-09-25T17:36:10.928859+00:00
--ATTENTION--
Time stall, backward drift ended at 1790357770 with drift 1000000
2026-09-25T17:36:36.384127+00:00
--ATTENTION--
Time drifted backward by (1000000) micro seconds at 1790357797 whereas allowed drift is 5000000
2026-09-25T17:36:38.409900+00:00
--ATTENTION--
Time stall, backward drift ended at 1790357798 with drift 1000000
2026-09-25T17:37:04.877495+00:00
--ATTENTION--
Time drifted backward by (1000000) micro seconds at 1790357825 whereas allowed drift is 5000000
2026-09-25T17:37:06.907560+00:00
--ATTENTION--
Time stall, backward drift ended at 1790357826 with drift 1000000
2026-09-25T17:37:33.370644+00:00
--ATTENTION--
Time drifted backward by (1000000) micro seconds at 1790357854 whereas allowed drift is 5000000
2026-09-25T17:37:35.402605+00:00
--ATTENTION--
Time stall, backward drift ended at 1790357855 with drift 1000000
2026-09-25T17:38:01.867854+00:00
--ATTENTION--
Time drifted backward by (1000000) micro seconds at 1790357882 whereas allowed drift is 5000000
2026-09-25T17:38:03.898862+00:00
--ATTENTION--
Time stall, backward drift ended at 1790357883 with drift 1000000
2026-09-25T17:38:30.396369+00:00
--ATTENTION--
Time drifted backward by (1000000) micro seconds at 1790357911 whereas allowed drift is 5000000
2026-09-25T17:38:32.429768+00:00
--ATTENTION--
Time stall, backward drift ended at 1790357912 with drift 1000000
2026-09-25T17:38:57.925961+00:00
--ATTENTION--
Time drifted backward by (1000000) micro seconds at 1790357938 whereas allowed drift is 5000000
2026-09-25T17:38:59.958242+00:00
--ATTENTION--
Time stall, backward drift ended at 1790357939 with drift 1000000
2026-09-25T17:39:26.337193+00:00
--ATTENTION--
Time drifted backward by (1000000) micro seconds at 1790357967 whereas allowed drift is 5000000
2026-09-25T17:39:28.369230+00:00
--ATTENTION--
Time stall, backward drift ended at 1790357968 with drift 1000000
2026-09-25T17:39:54.807370+00:00
--ATTENTION--
Time drifted backward by (1000000) micro seconds at 1790357995 whereas allowed drift is 5000000
2026-09-25T17:39:56.834853+00:00
--ATTENTION--
Time stall, backward drift ended at 1790357996 with drift 1000000
2026-09-25T17:40:23.291886+00:00
--ATTENTION--
Time drifted backward by (1000000) micro seconds at 1790358024 whereas allowed drift is 5000000
2026-09-25T17:40:25.320925+00:00
--ATTENTION--
Time stall, backward drift ended at 1790358025 with drift 1000000
2026-09-25T17:40:50.760844+00:00
--ATTENTION--
Time drifted backward by (1000000) micro seconds at 1790358051 whereas allowed drift is 5000000
2026-09-25T17:40:52.792810+00:00
--ATTENTION--
Time stall, backward drift ended at 1790358052 with drift 1000000
2026-09-25T17:41:19.239124+00:00
--ATTENTION--
Time drifted backward by (1000000) micro seconds at 1790358080 whereas allowed drift is 5000000
2026-09-25T17:41:21.276362+00:00
--ATTENTION--
Time stall, backward drift ended at 1790358081 with drift 1000000
2026-09-25T17:41:47.716168+00:00
--ATTENTION--
Time drifted backward by (1000000) micro seconds at 1790358108 whereas allowed drift is 5000000
2026-09-25T17:41:49.747728+00:00
--ATTENTION--
Time stall, backward drift ended at 1790358109 with drift 1000000
2026-09-25T17:42:16.227767+00:00
--ATTENTION--
Time stalled at 1018662400
2026-09-25T17:42:17.248404+00:00
--ATTENTION--
Time stall, backward drift ended at 1790358137 with drift 1000000
2026-09-25T17:42:43.659491+00:00
--ATTENTION--
Time drifted backward by (1000000) micro seconds at 1790358164 whereas allowed drift is 5000000
2026-09-25T17:42:45.694659+00:00
--ATTENTION--
Time stall, backward drift ended at 1790358165 with drift 1000000
Starting Oracle Net Listener.
Oracle Net Listener started.
Starting Oracle AI Database instance FREE.
Oracle AI Database instance FREE started.

The Oracle base remains unchanged with value /opt/oracle

SQL*Plus: Release 23.26.3.0.0 - Production on Mon Sep 28 10:41:48 2026
Version 23.26.3.0.0

Copyright (c) 1982, 2026, Oracle.  All rights reserved.


Connected to:
Oracle AI Database 26ai Free Release 23.26.3.0.0 - Develop, Learn, and Run for Free
Version 23.26.3.0.0

SQL> 
User altered.

SQL> 
User altered.

SQL> 
Session altered.

SQL> 
User altered.

SQL> Disconnected from Oracle AI Database 26ai Free Release 23.26.3.0.0 - Develop, Learn, and Run for Free
Version 23.26.3.0.0
#########################
DATABASE IS READY TO USE!
#########################
The following output is now a tail of the alert.log:
PDB$SEED(2):Autotune of undo retention is turned on. 
2026-09-28T10:41:44.904662+00:00
PDB$SEED(2):Opening pdb with Resource Manager plan: DEFAULT_PLAN
FREEPDB1(3):Autotune of undo retention is turned on. 
2026-09-28T10:41:47.633990+00:00
FREEPDB1(3):Opening pdb with Resource Manager plan: DEFAULT_PLAN
Completed: Pluggable database FREEPDB1 opened read write 
Completed: ALTER DATABASE OPEN
2026-09-28T10:41:50.738079+00:00
FREEPDB1(3):TABLE AUDSYS.AUD$UNIFIED: ADDED INTERVAL PARTITION SYS_P516 (4473) VALUES LESS THAN (TIMESTAMP' 2026-09-29 00:00:00')
2026-09-28T10:41:52.825371+00:00
===========================================================
Dumping current patch information
===========================================================
No patches have been applied
===========================================================
2026-09-28T10:41:56.557028+00:00
TABLE SYS.WRP$_REPORTS: ADDED AUTOLIST FRAGMENT SYS_P696 (4) VALUES (( 1509902213, TO_DATE(' 2026-09-28 00:00:00', 'syyyy-mm-dd hh24:mi:ss', 'nls_calendar=gregorian') ))
TABLE SYS.WRP$_REPORTS_DETAILS: ADDED AUTOLIST FRAGMENT SYS_P697 (4) VALUES (( 1509902213, TO_DATE(' 2026-09-28 00:00:00', 'syyyy-mm-dd hh24:mi:ss', 'nls_calendar=gregorian') ))
TABLE SYS.WRP$_REPORTS_TIME_BANDS: ADDED AUTOLIST FRAGMENT SYS_P700 (4) VALUES (( 1509902213, TO_DATE(' 2026-09-28 00:00:00', 'syyyy-mm-dd hh24:mi:ss', 'nls_calendar=gregorian') ))
2026-09-28T10:43:00.996844+00:00
--ATTENTION--
Time stalled at 3134428416
2026-09-28T10:43:02.072647+00:00
--ATTENTION--
Time stall, backward drift ended at 1790592182 with drift 2000000
2026-09-28T10:45:18.114141+00:00
Resize operation completed for file# 3, fname /opt/oracle/oradata/FREE/sysaux01.dbf, old size 624640K, new size 655360K
